

================================================================
== Vitis HLS Report for 'gemm_Pipeline_VITIS_LOOP_45_1_VITIS_LOOP_46_2'
================================================================
* Date:           Thu Nov 30 17:26:28 2023

* Version:        2022.2 (Build 3670227 on Oct 13 2022)
* Project:        6_outer_zcu104
* Solution:       solution1 (Vivado IP Flow Target)
* Product family: zynquplus
* Target device:  xczu7ev-ffvc1156-2-e


================================================================
== Performance Estimates
================================================================
+ Timing: 
    * Summary: 
    +--------+----------+----------+------------+
    |  Clock |  Target  | Estimated| Uncertainty|
    +--------+----------+----------+------------+
    |ap_clk  |  10.00 ns|  2.336 ns|     2.70 ns|
    +--------+----------+----------+------------+

+ Latency: 
    * Summary: 
    +---------+---------+----------+----------+-----+-----+---------+
    |  Latency (cycles) |  Latency (absolute) |  Interval | Pipeline|
    |   min   |   max   |    min   |    max   | min | max |   Type  |
    +---------+---------+----------+----------+-----+-----+---------+
    |       66|       66|  0.660 us|  0.660 us|   66|   66|       no|
    +---------+---------+----------+----------+-----+-----+---------+

    + Detail: 
        * Instance: 
        N/A

        * Loop: 
        +-----------------------------------+---------+---------+----------+-----------+-----------+------+----------+
        |                                   |  Latency (cycles) | Iteration|  Initiation Interval  | Trip |          |
        |             Loop Name             |   min   |   max   |  Latency |  achieved |   target  | Count| Pipelined|
        +-----------------------------------+---------+---------+----------+-----------+-----------+------+----------+
        |- VITIS_LOOP_45_1_VITIS_LOOP_46_2  |       64|       64|         1|          1|          1|    64|       yes|
        +-----------------------------------+---------+---------+----------+-----------+-----------+------+----------+



================================================================
== Utilization Estimates
================================================================
* Summary: 
+-----------------+---------+------+--------+--------+-----+
|       Name      | BRAM_18K|  DSP |   FF   |   LUT  | URAM|
+-----------------+---------+------+--------+--------+-----+
|DSP              |        -|     -|       -|       -|    -|
|Expression       |        -|     -|       0|      66|    -|
|FIFO             |        -|     -|       -|       -|    -|
|Instance         |        -|     -|       -|       -|    -|
|Memory           |        -|     -|       -|       -|    -|
|Multiplexer      |        -|     -|       -|      63|    -|
|Register         |        -|     -|      17|       -|    -|
+-----------------+---------+------+--------+--------+-----+
|Total            |        0|     0|      17|     129|    0|
+-----------------+---------+------+--------+--------+-----+
|Available        |      624|  1728|  460800|  230400|   96|
+-----------------+---------+------+--------+--------+-----+
|Utilization (%)  |        0|     0|      ~0|      ~0|    0|
+-----------------+---------+------+--------+--------+-----+

+ Detail: 
    * Instance: 
    N/A

    * DSP: 
    N/A

    * Memory: 
    N/A

    * FIFO: 
    N/A

    * Expression: 
    +-------------------------+----------+----+---+----+------------+------------+
    |      Variable Name      | Operation| DSP| FF| LUT| Bitwidth P0| Bitwidth P1|
    +-------------------------+----------+----+---+----+------------+------------+
    |add_ln45_1_fu_944_p2     |         +|   0|  0|  12|           4|           1|
    |add_ln45_fu_918_p2       |         +|   0|  0|  14|           7|           1|
    |add_ln46_fu_1286_p2      |         +|   0|  0|  12|           4|           1|
    |icmp_ln45_fu_912_p2      |      icmp|   0|  0|  11|           7|           8|
    |icmp_ln46_fu_930_p2      |      icmp|   0|  0|   9|           4|           5|
    |select_ln30_1_fu_950_p3  |    select|   0|  0|   4|           1|           4|
    |select_ln30_fu_936_p3    |    select|   0|  0|   4|           1|           1|
    +-------------------------+----------+----+---+----+------------+------------+
    |Total                    |          |   0|  0|  66|          28|          21|
    +-------------------------+----------+----+---+----+------------+------------+

    * Multiplexer: 
    +--------------------------------------+----+-----------+-----+-----------+
    |                 Name                 | LUT| Input Size| Bits| Total Bits|
    +--------------------------------------+----+-----------+-----+-----------+
    |ap_done_int                           |   9|          2|    1|          2|
    |ap_sig_allocacmp_indvar_flatten_load  |   9|          2|    7|         14|
    |ap_sig_allocacmp_m_load               |   9|          2|    4|          8|
    |ap_sig_allocacmp_o_load               |   9|          2|    4|          8|
    |indvar_flatten_fu_186                 |   9|          2|    7|         14|
    |m_fu_182                              |   9|          2|    4|          8|
    |o_fu_178                              |   9|          2|    4|          8|
    +--------------------------------------+----+-----------+-----+-----------+
    |Total                                 |  63|         14|   31|         62|
    +--------------------------------------+----+-----------+-----+-----------+

    * Register: 
    +-----------------------+---+----+-----+-----------+
    |          Name         | FF| LUT| Bits| Const Bits|
    +-----------------------+---+----+-----+-----------+
    |ap_CS_fsm              |  1|   0|    1|          0|
    |ap_done_reg            |  1|   0|    1|          0|
    |indvar_flatten_fu_186  |  7|   0|    7|          0|
    |m_fu_182               |  4|   0|    4|          0|
    |o_fu_178               |  4|   0|    4|          0|
    +-----------------------+---+----+-----+-----------+
    |Total                  | 17|   0|   17|          0|
    +-----------------------+---+----+-----+-----------+



================================================================
== Interface
================================================================
* Summary: 
+----------------------+-----+-----+------------+-----------------------------------------------+--------------+
|       RTL Ports      | Dir | Bits|  Protocol  |                 Source Object                 |    C Type    |
+----------------------+-----+-----+------------+-----------------------------------------------+--------------+
|ap_clk                |   in|    1|  ap_ctrl_hs|  gemm_Pipeline_VITIS_LOOP_45_1_VITIS_LOOP_46_2|  return value|
|ap_rst                |   in|    1|  ap_ctrl_hs|  gemm_Pipeline_VITIS_LOOP_45_1_VITIS_LOOP_46_2|  return value|
|ap_start              |   in|    1|  ap_ctrl_hs|  gemm_Pipeline_VITIS_LOOP_45_1_VITIS_LOOP_46_2|  return value|
|ap_done               |  out|    1|  ap_ctrl_hs|  gemm_Pipeline_VITIS_LOOP_45_1_VITIS_LOOP_46_2|  return value|
|ap_idle               |  out|    1|  ap_ctrl_hs|  gemm_Pipeline_VITIS_LOOP_45_1_VITIS_LOOP_46_2|  return value|
|ap_ready              |  out|    1|  ap_ctrl_hs|  gemm_Pipeline_VITIS_LOOP_45_1_VITIS_LOOP_46_2|  return value|
|c_buff_63_out         |  out|   32|      ap_vld|                                  c_buff_63_out|       pointer|
|c_buff_63_out_ap_vld  |  out|    1|      ap_vld|                                  c_buff_63_out|       pointer|
|c_buff_62_out         |  out|   32|      ap_vld|                                  c_buff_62_out|       pointer|
|c_buff_62_out_ap_vld  |  out|    1|      ap_vld|                                  c_buff_62_out|       pointer|
|c_buff_61_out         |  out|   32|      ap_vld|                                  c_buff_61_out|       pointer|
|c_buff_61_out_ap_vld  |  out|    1|      ap_vld|                                  c_buff_61_out|       pointer|
|c_buff_60_out         |  out|   32|      ap_vld|                                  c_buff_60_out|       pointer|
|c_buff_60_out_ap_vld  |  out|    1|      ap_vld|                                  c_buff_60_out|       pointer|
|c_buff_59_out         |  out|   32|      ap_vld|                                  c_buff_59_out|       pointer|
|c_buff_59_out_ap_vld  |  out|    1|      ap_vld|                                  c_buff_59_out|       pointer|
|c_buff_58_out         |  out|   32|      ap_vld|                                  c_buff_58_out|       pointer|
|c_buff_58_out_ap_vld  |  out|    1|      ap_vld|                                  c_buff_58_out|       pointer|
|c_buff_57_out         |  out|   32|      ap_vld|                                  c_buff_57_out|       pointer|
|c_buff_57_out_ap_vld  |  out|    1|      ap_vld|                                  c_buff_57_out|       pointer|
|c_buff_56_out         |  out|   32|      ap_vld|                                  c_buff_56_out|       pointer|
|c_buff_56_out_ap_vld  |  out|    1|      ap_vld|                                  c_buff_56_out|       pointer|
|c_buff_55_out         |  out|   32|      ap_vld|                                  c_buff_55_out|       pointer|
|c_buff_55_out_ap_vld  |  out|    1|      ap_vld|                                  c_buff_55_out|       pointer|
|c_buff_54_out         |  out|   32|      ap_vld|                                  c_buff_54_out|       pointer|
|c_buff_54_out_ap_vld  |  out|    1|      ap_vld|                                  c_buff_54_out|       pointer|
|c_buff_53_out         |  out|   32|      ap_vld|                                  c_buff_53_out|       pointer|
|c_buff_53_out_ap_vld  |  out|    1|      ap_vld|                                  c_buff_53_out|       pointer|
|c_buff_52_out         |  out|   32|      ap_vld|                                  c_buff_52_out|       pointer|
|c_buff_52_out_ap_vld  |  out|    1|      ap_vld|                                  c_buff_52_out|       pointer|
|c_buff_51_out         |  out|   32|      ap_vld|                                  c_buff_51_out|       pointer|
|c_buff_51_out_ap_vld  |  out|    1|      ap_vld|                                  c_buff_51_out|       pointer|
|c_buff_50_out         |  out|   32|      ap_vld|                                  c_buff_50_out|       pointer|
|c_buff_50_out_ap_vld  |  out|    1|      ap_vld|                                  c_buff_50_out|       pointer|
|c_buff_49_out         |  out|   32|      ap_vld|                                  c_buff_49_out|       pointer|
|c_buff_49_out_ap_vld  |  out|    1|      ap_vld|                                  c_buff_49_out|       pointer|
|c_buff_48_out         |  out|   32|      ap_vld|                                  c_buff_48_out|       pointer|
|c_buff_48_out_ap_vld  |  out|    1|      ap_vld|                                  c_buff_48_out|       pointer|
|c_buff_47_out         |  out|   32|      ap_vld|                                  c_buff_47_out|       pointer|
|c_buff_47_out_ap_vld  |  out|    1|      ap_vld|                                  c_buff_47_out|       pointer|
|c_buff_46_out         |  out|   32|      ap_vld|                                  c_buff_46_out|       pointer|
|c_buff_46_out_ap_vld  |  out|    1|      ap_vld|                                  c_buff_46_out|       pointer|
|c_buff_45_out         |  out|   32|      ap_vld|                                  c_buff_45_out|       pointer|
|c_buff_45_out_ap_vld  |  out|    1|      ap_vld|                                  c_buff_45_out|       pointer|
|c_buff_44_out         |  out|   32|      ap_vld|                                  c_buff_44_out|       pointer|
|c_buff_44_out_ap_vld  |  out|    1|      ap_vld|                                  c_buff_44_out|       pointer|
|c_buff_43_out         |  out|   32|      ap_vld|                                  c_buff_43_out|       pointer|
|c_buff_43_out_ap_vld  |  out|    1|      ap_vld|                                  c_buff_43_out|       pointer|
|c_buff_42_out         |  out|   32|      ap_vld|                                  c_buff_42_out|       pointer|
|c_buff_42_out_ap_vld  |  out|    1|      ap_vld|                                  c_buff_42_out|       pointer|
|c_buff_41_out         |  out|   32|      ap_vld|                                  c_buff_41_out|       pointer|
|c_buff_41_out_ap_vld  |  out|    1|      ap_vld|                                  c_buff_41_out|       pointer|
|c_buff_40_out         |  out|   32|      ap_vld|                                  c_buff_40_out|       pointer|
|c_buff_40_out_ap_vld  |  out|    1|      ap_vld|                                  c_buff_40_out|       pointer|
|c_buff_39_out         |  out|   32|      ap_vld|                                  c_buff_39_out|       pointer|
|c_buff_39_out_ap_vld  |  out|    1|      ap_vld|                                  c_buff_39_out|       pointer|
|c_buff_38_out         |  out|   32|      ap_vld|                                  c_buff_38_out|       pointer|
|c_buff_38_out_ap_vld  |  out|    1|      ap_vld|                                  c_buff_38_out|       pointer|
|c_buff_37_out         |  out|   32|      ap_vld|                                  c_buff_37_out|       pointer|
|c_buff_37_out_ap_vld  |  out|    1|      ap_vld|                                  c_buff_37_out|       pointer|
|c_buff_36_out         |  out|   32|      ap_vld|                                  c_buff_36_out|       pointer|
|c_buff_36_out_ap_vld  |  out|    1|      ap_vld|                                  c_buff_36_out|       pointer|
|c_buff_35_out         |  out|   32|      ap_vld|                                  c_buff_35_out|       pointer|
|c_buff_35_out_ap_vld  |  out|    1|      ap_vld|                                  c_buff_35_out|       pointer|
|c_buff_34_out         |  out|   32|      ap_vld|                                  c_buff_34_out|       pointer|
|c_buff_34_out_ap_vld  |  out|    1|      ap_vld|                                  c_buff_34_out|       pointer|
|c_buff_33_out         |  out|   32|      ap_vld|                                  c_buff_33_out|       pointer|
|c_buff_33_out_ap_vld  |  out|    1|      ap_vld|                                  c_buff_33_out|       pointer|
|c_buff_32_out         |  out|   32|      ap_vld|                                  c_buff_32_out|       pointer|
|c_buff_32_out_ap_vld  |  out|    1|      ap_vld|                                  c_buff_32_out|       pointer|
|c_buff_31_out         |  out|   32|      ap_vld|                                  c_buff_31_out|       pointer|
|c_buff_31_out_ap_vld  |  out|    1|      ap_vld|                                  c_buff_31_out|       pointer|
|c_buff_30_out         |  out|   32|      ap_vld|                                  c_buff_30_out|       pointer|
|c_buff_30_out_ap_vld  |  out|    1|      ap_vld|                                  c_buff_30_out|       pointer|
|c_buff_29_out         |  out|   32|      ap_vld|                                  c_buff_29_out|       pointer|
|c_buff_29_out_ap_vld  |  out|    1|      ap_vld|                                  c_buff_29_out|       pointer|
|c_buff_28_out         |  out|   32|      ap_vld|                                  c_buff_28_out|       pointer|
|c_buff_28_out_ap_vld  |  out|    1|      ap_vld|                                  c_buff_28_out|       pointer|
|c_buff_27_out         |  out|   32|      ap_vld|                                  c_buff_27_out|       pointer|
|c_buff_27_out_ap_vld  |  out|    1|      ap_vld|                                  c_buff_27_out|       pointer|
|c_buff_26_out         |  out|   32|      ap_vld|                                  c_buff_26_out|       pointer|
|c_buff_26_out_ap_vld  |  out|    1|      ap_vld|                                  c_buff_26_out|       pointer|
|c_buff_25_out         |  out|   32|      ap_vld|                                  c_buff_25_out|       pointer|
|c_buff_25_out_ap_vld  |  out|    1|      ap_vld|                                  c_buff_25_out|       pointer|
|c_buff_24_out         |  out|   32|      ap_vld|                                  c_buff_24_out|       pointer|
|c_buff_24_out_ap_vld  |  out|    1|      ap_vld|                                  c_buff_24_out|       pointer|
|c_buff_23_out         |  out|   32|      ap_vld|                                  c_buff_23_out|       pointer|
|c_buff_23_out_ap_vld  |  out|    1|      ap_vld|                                  c_buff_23_out|       pointer|
|c_buff_22_out         |  out|   32|      ap_vld|                                  c_buff_22_out|       pointer|
|c_buff_22_out_ap_vld  |  out|    1|      ap_vld|                                  c_buff_22_out|       pointer|
|c_buff_21_out         |  out|   32|      ap_vld|                                  c_buff_21_out|       pointer|
|c_buff_21_out_ap_vld  |  out|    1|      ap_vld|                                  c_buff_21_out|       pointer|
|c_buff_20_out         |  out|   32|      ap_vld|                                  c_buff_20_out|       pointer|
|c_buff_20_out_ap_vld  |  out|    1|      ap_vld|                                  c_buff_20_out|       pointer|
|c_buff_19_out         |  out|   32|      ap_vld|                                  c_buff_19_out|       pointer|
|c_buff_19_out_ap_vld  |  out|    1|      ap_vld|                                  c_buff_19_out|       pointer|
|c_buff_18_out         |  out|   32|      ap_vld|                                  c_buff_18_out|       pointer|
|c_buff_18_out_ap_vld  |  out|    1|      ap_vld|                                  c_buff_18_out|       pointer|
|c_buff_17_out         |  out|   32|      ap_vld|                                  c_buff_17_out|       pointer|
|c_buff_17_out_ap_vld  |  out|    1|      ap_vld|                                  c_buff_17_out|       pointer|
|c_buff_16_out         |  out|   32|      ap_vld|                                  c_buff_16_out|       pointer|
|c_buff_16_out_ap_vld  |  out|    1|      ap_vld|                                  c_buff_16_out|       pointer|
|c_buff_15_out         |  out|   32|      ap_vld|                                  c_buff_15_out|       pointer|
|c_buff_15_out_ap_vld  |  out|    1|      ap_vld|                                  c_buff_15_out|       pointer|
|c_buff_14_out         |  out|   32|      ap_vld|                                  c_buff_14_out|       pointer|
|c_buff_14_out_ap_vld  |  out|    1|      ap_vld|                                  c_buff_14_out|       pointer|
|c_buff_13_out         |  out|   32|      ap_vld|                                  c_buff_13_out|       pointer|
|c_buff_13_out_ap_vld  |  out|    1|      ap_vld|                                  c_buff_13_out|       pointer|
|c_buff_12_out         |  out|   32|      ap_vld|                                  c_buff_12_out|       pointer|
|c_buff_12_out_ap_vld  |  out|    1|      ap_vld|                                  c_buff_12_out|       pointer|
|c_buff_11_out         |  out|   32|      ap_vld|                                  c_buff_11_out|       pointer|
|c_buff_11_out_ap_vld  |  out|    1|      ap_vld|                                  c_buff_11_out|       pointer|
|c_buff_10_out         |  out|   32|      ap_vld|                                  c_buff_10_out|       pointer|
|c_buff_10_out_ap_vld  |  out|    1|      ap_vld|                                  c_buff_10_out|       pointer|
|c_buff_9_out          |  out|   32|      ap_vld|                                   c_buff_9_out|       pointer|
|c_buff_9_out_ap_vld   |  out|    1|      ap_vld|                                   c_buff_9_out|       pointer|
|c_buff_8_out          |  out|   32|      ap_vld|                                   c_buff_8_out|       pointer|
|c_buff_8_out_ap_vld   |  out|    1|      ap_vld|                                   c_buff_8_out|       pointer|
|c_buff_7_out          |  out|   32|      ap_vld|                                   c_buff_7_out|       pointer|
|c_buff_7_out_ap_vld   |  out|    1|      ap_vld|                                   c_buff_7_out|       pointer|
|c_buff_6_out          |  out|   32|      ap_vld|                                   c_buff_6_out|       pointer|
|c_buff_6_out_ap_vld   |  out|    1|      ap_vld|                                   c_buff_6_out|       pointer|
|c_buff_5_out          |  out|   32|      ap_vld|                                   c_buff_5_out|       pointer|
|c_buff_5_out_ap_vld   |  out|    1|      ap_vld|                                   c_buff_5_out|       pointer|
|c_buff_4_out          |  out|   32|      ap_vld|                                   c_buff_4_out|       pointer|
|c_buff_4_out_ap_vld   |  out|    1|      ap_vld|                                   c_buff_4_out|       pointer|
|c_buff_3_out          |  out|   32|      ap_vld|                                   c_buff_3_out|       pointer|
|c_buff_3_out_ap_vld   |  out|    1|      ap_vld|                                   c_buff_3_out|       pointer|
|c_buff_2_out          |  out|   32|      ap_vld|                                   c_buff_2_out|       pointer|
|c_buff_2_out_ap_vld   |  out|    1|      ap_vld|                                   c_buff_2_out|       pointer|
|c_buff_1_out          |  out|   32|      ap_vld|                                   c_buff_1_out|       pointer|
|c_buff_1_out_ap_vld   |  out|    1|      ap_vld|                                   c_buff_1_out|       pointer|
|c_buff_out            |  out|   32|      ap_vld|                                     c_buff_out|       pointer|
|c_buff_out_ap_vld     |  out|    1|      ap_vld|                                     c_buff_out|       pointer|
+----------------------+-----+-----+------------+-----------------------------------------------+--------------+

